[www.cefar.co.uk/index.html]
[backblue.gif]
[fade.gif]
[index.html]
[www.cefar.co.uk/favicon.ico]
[www.cefar.co.uk/assets/images/cefar-logo-redc268.svg]
[www.cefar.co.uk/assets/css/app.min4a2c.css]
[www.cefar.co.uk/systems.html]
[www.cefar.co.uk/digital-marketing.html]
[www.cefar.co.uk/web-design/index.html]
[www.cefar.co.uk/web-design/ecommerce.html]
[www.cefar.co.uk/about.html]
[www.cefar.co.uk/our-work.html]
[www.cefar.co.uk/blogs.html]
[www.cefar.co.uk/jobs.html]
[www.cefar.co.uk/contact.html]
[www.cefar.co.uk/support.html]
[www.cefar.co.uk/assets/images/goto447a.svg]
[www.cefar.co.uk/assets/images/phonec268.svg]
[www.cefar.co.uk/assets/images/contact/facebook-social9c52.svg]
[www.cefar.co.uk/assets/images/contact/twitter-social9c52.svg]
[www.cefar.co.uk/assets/images/contact/instagram-social1c97.svg]
[www.cefar.co.uk/terms.html]
[www.cefar.co.uk/privacy-policy.html]
[www.cefar.co.uk/assets/images/design3a46.svg]
[www.cefar.co.uk/web-design/development.html]
[www.cefar.co.uk/assets/images/development3a46.svg]
[www.cefar.co.uk/assets/images/crmsystems3a46.svg]
[www.cefar.co.uk/case-studies/eatons.html]
[www.cefar.co.uk/case-studies/solros.html]
[www.cefar.co.uk/case-studies/bbas.html]
[www.cefar.co.uk/case-studies/ehs-data.html]
[www.cefar.co.uk/assets/images/cases/eatons-solicitors266d.png]
[www.cefar.co.uk/assets/images/play2563.svg]
[www.cefar.co.uk/case-studies/sentient.html]
[www.cefar.co.uk/assets/images/cases/sentientb9d7.jpg]
[www.cefar.co.uk/case-studies/pec.html]
[www.cefar.co.uk/assets/images/cases/pecb9d7.jpg]
[www.cefar.co.uk/assets/images/cases/solrosb9d7.jpg]
[www.cefar.co.uk/case-studies/enserve.html]
[www.cefar.co.uk/assets/images/cases/enserveb9d7.jpg]
[www.cefar.co.uk/assets/images/cases/bbase083.jpg]
[www.cefar.co.uk/case-studies/visual-planner.html]
[www.cefar.co.uk/assets/images/cases/visual-planner8e7e.jpg]
[www.cefar.co.uk/case-studies/springfield-training.html]
[www.cefar.co.uk/assets/images/cases/springfield-training8e7e.jpg]
[www.cefar.co.uk/case-studies/ee.html]
[www.cefar.co.uk/assets/images/cases/ee297c.jpg]
[www.cefar.co.uk/assets/images/clients/eatons0557.png]
[www.cefar.co.uk/assets/images/clients/penstripe0557.png]
[www.cefar.co.uk/assets/images/clients/nhs0557.png]
[www.cefar.co.uk/assets/images/clients/hfc0557.png]
[www.cefar.co.uk/assets/images/clients/ee0557.png]
[www.cefar.co.uk/assets/images/clients/calder0557.png]
[www.cefar.co.uk/assets/images/clients/ehs0557.png]
[www.cefar.co.uk/assets/images/clients/sun0557.png]
[www.cefar.co.uk/assets/images/clients/wika0557.png]
[www.cefar.co.uk/assets/images/clients/sfs0557.png]
[www.cefar.co.uk/assets/images/facebook-social9c52.svg]
[www.cefar.co.uk/assets/images/twitter-social9c52.svg]
[www.cefar.co.uk/assets/images/instagram-social1c97.svg]
[www.cefar.co.uk/assets/js/app.minc297.js]
[use.typekit.net/gzj8idg.js]
[www.cefar.co.uk/index.html]
[www.googletagmanager.com/gtm5445.html]
[widget.clutch.co/static/js/widget.js]
[code.ionicframework.com/ionicons/2.0.1/css/ionicons.min.css]
[www.cefar.co.uk/assets/fonts/fontawesome-webfont5b62.eot]
[www.cefar.co.uk/assets/fonts/fontawesome-webfontd41d.eot]
[www.cefar.co.uk/assets/fonts/fontawesome-webfont5b62.woff2]
[www.cefar.co.uk/assets/fonts/fontawesome-webfont5b62.woff]
[www.cefar.co.uk/assets/fonts/fontawesome-webfont5b62.ttf]
[www.cefar.co.uk/assets/fonts/OPTIGiantd41d.eot]
[www.cefar.co.uk/assets/fonts/fontawesome-webfont5b62.svg]
[www.cefar.co.uk/assets/fonts/OPTIGiant.otf]
[www.cefar.co.uk/assets/fonts/OPTIGiant.woff]
[www.cefar.co.uk/assets/fonts/OPTIGiant.ttf]
[www.cefar.co.uk/assets/css/app.min4a2c.css]
[www.cefar.co.uk/assets/images/cefar-logo-redc268.svg]
[www.cefar.co.uk/assets/fonts/OPTIGiant.svg]
[www.google.com/recaptcha/api.js]
[www.cefar.co.uk/assets/css/app.min81c6.css]
[www.cefar.co.uk/assets/images/cefar-logo-redd24f.svg]
[www.cefar.co.uk/assets/images/goto76e3.svg]
[www.cefar.co.uk/assets/images/phoned24f.svg]
[www.cefar.co.uk/assets/images/contact/facebook-social52c6.svg]
[www.cefar.co.uk/assets/images/contact/twitter-social52c6.svg]
[www.cefar.co.uk/assets/images/contact/instagram-social52c6.svg]
[www.cefar.co.uk/assets/images/design/grey-design-icon8f5c.png]
[www.cefar.co.uk/assets/images/design/grey-dev-icon8f5c.png]
[www.cefar.co.uk/web-design/ui-ux-design.html]
[www.cefar.co.uk/web-design/branding.html]
[www.cefar.co.uk/assets/images/web-design/sentient5216.png]
[www.cefar.co.uk/web-design/wordpress.html]
[www.cefar.co.uk/assets/images/web-design/solros0aae.png]
[www.cefar.co.uk/web-design/shopify.html]
[www.cefar.co.uk/assets/images/web-design/visual-plannerf48f.png]
[www.cefar.co.uk/case-studies/approved-workforce.html]
[www.cefar.co.uk/assets/images/web-design/approved4699.png]
[www.cefar.co.uk/assets/images/design/white-design-icon8f5c.png]
[www.cefar.co.uk/assets/images/design/white-dev-icon8f5c.png]
[www.cefar.co.uk/assets/images/cases/visual-plannerc754.jpg]
[www.cefar.co.uk/assets/images/cases/eatons-solicitors4085.png]
[www.cefar.co.uk/case-studies/balconyuk.html]
[www.cefar.co.uk/assets/images/cases/balconyukc754.jpg]
[www.cefar.co.uk/assets/images/facebook-sociald24f.svg]
[www.cefar.co.uk/assets/images/twitter-sociald24f.svg]
[www.cefar.co.uk/assets/images/instagram-sociald24f.svg]
[www.cefar.co.uk/home/u893-8pxt5axgkolu/www/cefar.co.uk/public_html]
[www.cefar.co.uk/web-design/index.html]
[www.cefar.co.uk/assets/js/app.mine3a1.js]
[www.cefar.co.uk/assets/css/app.min7a45.css]
[www.cefar.co.uk/assets/images/systems/illustrations/tick-icon29ed.svg]
[www.cefar.co.uk/assets/images/systems/illustrations/operations-management29ed.png]
[www.cefar.co.uk/assets/images/systems/illustrations/api-integration29ed.png]
[www.cefar.co.uk/assets/images/systems/illustrations/transaction-processing29ed.png]
[www.cefar.co.uk/assets/images/systems/illustrations/hr-timekeeping29ed.png]
[www.cefar.co.uk/assets/images/systems/illustrations/improvement29ed.png]
[www.cefar.co.uk/assets/images/systems/illustrations/agile-management29ed.png]
[www.cefar.co.uk/systems.html]
[www.cefar.co.uk/assets/js/app.minbef0.js]
[www.cefar.co.uk/assets/images/marketing/seo-icon297c.svg]
[www.cefar.co.uk/assets/images/marketing/paid-search-icon297c.svg]
[www.cefar.co.uk/assets/images/marketing/content-marketing-icon297c.svg]
[www.cefar.co.uk/assets/images/marketing/social-media-icon297c.svg]
[www.cefar.co.uk/assets/images/marketing/paid-social-icon297c.svg]
[www.cefar.co.uk/assets/images/marketing/cro-icon297c.svg]
[www.cefar.co.uk/case-studies/hillsborough-fencing.html]
[www.cefar.co.uk/assets/images/cases/hillsborough-fencing297c.jpg]
[www.cefar.co.uk/digital-marketing.html]
[www.cefar.co.uk/assets/images/ecommerce/to-sell-icon0a3b.svg]
[www.cefar.co.uk/assets/images/ecommerce/load-time-icon0a3b.svg]
[www.cefar.co.uk/assets/images/ecommerce/responsive-icon0a3b.svg]
[www.cefar.co.uk/assets/images/ecommerce/marketing-mind-icon0a3b.svg]
[www.cefar.co.uk/assets/images/ecommerce/track-icon0a3b.svg]
[www.cefar.co.uk/assets/images/ecommerce/build-brand-icon0a3b.svg]
[www.cefar.co.uk/assets/images/ecommerce/knowledge0a3b.svg]
[www.cefar.co.uk/case-studies/ao-home.html]
[www.cefar.co.uk/assets/images/cases/ao-home8e7e.jpg]
[www.cefar.co.uk/web-design/ecommerce.html]
[www.cefar.co.uk/assets/images/strategice417.svg]
[www.cefar.co.uk/assets/css/app.mina07d.css]
[www.cefar.co.uk/assets/images/about/este-phonee417.png]
[www.cefar.co.uk/assets/images/partners29ed.png]
[www.cefar.co.uk/assets/images/about/team/stefanb9d7.png]
[www.cefar.co.uk/assets/images/about/team/royb9d7.png]
[www.cefar.co.uk/assets/images/about/team/jamesb9d7.png]
[www.cefar.co.uk/assets/images/about/team/mattb9d7.jpg]
[www.cefar.co.uk/assets/images/about/team/tom4bc6.png]
[www.cefar.co.uk/assets/images/about/team/liamb9d7.png]
[www.cefar.co.uk/assets/images/about/team/danb9d7.png]
[www.cefar.co.uk/assets/images/about/team/surinderb9d7.png]
[www.cefar.co.uk/assets/images/about/team/mattb9d7.png]
[www.cefar.co.uk/assets/images/about/team/davidb9d7.png]
[www.cefar.co.uk/assets/images/about/team/kailumb9d7.png]
[www.cefar.co.uk/assets/images/about/team/alex4555.png]
[www.cefar.co.uk/assets/images/about/team/michaelb9d7.png]
[www.cefar.co.uk/about.html]
[www.cefar.co.uk/assets/js/app.min237c.js]
[www.cefar.co.uk/case-studies/plug-in-therapy.html]
[www.cefar.co.uk/assets/images/cases/plug-in-therapy8444.png]
[www.cefar.co.uk/case-studies/ginetta.html]
[www.cefar.co.uk/assets/images/cases/ginettac8c8.png]
[www.cefar.co.uk/assets/images/cases/penstripeb9d7.png]
[www.cefar.co.uk/case-studies/data-entry.html]
[www.cefar.co.uk/assets/images/cases/data-entryb9d7.jpg]
[www.cefar.co.uk/assets/images/cases/nhsb9d7.png]
[www.cefar.co.uk/assets/images/cases/approved-workforce4b31.jpg]
[www.cefar.co.uk/assets/images/cases/balconyuk8e7e.jpg]
[www.cefar.co.uk/assets/images/cases/ehs8e7e.jpg]
[www.cefar.co.uk/case-studies/este-couture.html]
[www.cefar.co.uk/assets/images/cases/badges/award2563.svg]
[www.cefar.co.uk/assets/images/cases/este-couture8e7e.jpg]
[www.cefar.co.uk/our-work.html]
[www.cefar.co.uk/blogs.html]
[www.cefar.co.uk/jobs.html]
[www.cefar.co.uk/contact.html]
[www.cefar.co.uk/support.html]
[www.cefar.co.uk/assets/images/goto447a.svg]
[www.cefar.co.uk/assets/images/phonec268.svg]
[www.cefar.co.uk/assets/images/contact/facebook-social9c52.svg]
[www.cefar.co.uk/assets/images/contact/twitter-social9c52.svg]
[www.cefar.co.uk/assets/images/contact/instagram-social1c97.svg]
[www.cefar.co.uk/terms.html]
[www.cefar.co.uk/privacy-policy.html]
[www.cefar.co.uk/assets/images/design3a46.svg]
[www.cefar.co.uk/assets/images/design/grey-design-icon29ed.png]
[www.cefar.co.uk/assets/images/design/grey-dev-icon29ed.png]
[www.cefar.co.uk/web-design/hosting-website-maintenance.html]
[www.cefar.co.uk/assets/images/development/hosting-icond03b.svg]
[www.cefar.co.uk/assets/images/development/portals-icona945.svg]
[www.cefar.co.uk/assets/images/development/mob-dev-icon743d.svg]
[www.cefar.co.uk/assets/images/web-design/bbasdcbf.png]
[www.cefar.co.uk/assets/images/web-design/ginetta010b.png]
[www.cefar.co.uk/web-design/cms.html]
[www.cefar.co.uk/assets/images/web-design/ehs365e.png]
[www.cefar.co.uk/web-design/development.html]
[www.cefar.co.uk/assets/images/development3a46.svg]
[www.cefar.co.uk/assets/images/crmsystems3a46.svg]
[www.cefar.co.uk/assets/images/cases/eatons/homeb04e.png]
[www.cefar.co.uk/assets/images/cases/eatons/service-disputeb04e.png]
[www.cefar.co.uk/assets/images/cases/eatons/menub04e.png]
[www.cefar.co.uk/assets/images/cases/eatons/menu-mobileb4f7.png]
[www.cefar.co.uk/assets/images/cases/eatons/brand-guidelines8903.png]
[www.cefar.co.uk/assets/images/cases/eatons/brand-guidelines-245ec.png]
[www.cefar.co.uk/assets/images/cases/eatons/brand-guide45ec.png]
[www.cefar.co.uk/assets/images/cases/eatons/blog-overview45ec.png]
[www.cefar.co.uk/assets/images/cases/eatons/blog-post45ec.png]
[www.cefar.co.uk/assets/images/cases/eatons/email-12162.png]
[www.cefar.co.uk/assets/images/cases/eatons/email-22162.png]
[www.cefar.co.uk/assets/images/cases/eatons/email-32162.png]
[www.cefar.co.uk/assets/images/cases/eatons/contact4085.png]
[www.cefar.co.uk/assets/images/cases/eatons/wills-questionnaireb04e.png]
[www.cefar.co.uk/case-studies/eatons.html]
[www.cefar.co.uk/assets/images/cases/solros/banner7388.mp4]
[www.cefar.co.uk/assets/images/cases/solros/banner7388.png]
[www.cefar.co.uk/assets/images/cases/solros/solros-monitor7388.png]
[www.cefar.co.uk/assets/images/cases/solros/leaf-17388.png]
[www.cefar.co.uk/assets/images/cases/solros/solros-logo7388.svg]
[www.cefar.co.uk/assets/images/cases/solros/website-mockup7388.png]
[www.cefar.co.uk/assets/images/cases/solros/billboard7388.png]
[www.cefar.co.uk/assets/images/cases/solros/leaf-dark-blue7388.png]
[www.cefar.co.uk/assets/images/cases/solros/leaf-blue7388.png]
[www.cefar.co.uk/assets/images/cases/solros/leaf-dark-orange7388.png]
[www.cefar.co.uk/assets/images/cases/solros/leaf-orange7388.png]
[www.cefar.co.uk/assets/images/cases/solros/leaf-yellow7388.png]
[www.cefar.co.uk/assets/images/cases/solros/leaf-grey7388.png]
[www.cefar.co.uk/assets/images/cases/solros/leaf-white7388.png]
[www.cefar.co.uk/assets/images/arrow-rightd24f.svg]
[www.cefar.co.uk/case-studies/solros.html]
[www.cefar.co.uk/assets/images/arrow-leftd24f.svg]
[www.cefar.co.uk/assets/images/cases/bbas/logo1a39.png]
[www.cefar.co.uk/assets/images/cases/bbas/wireframe-11a39.png]
[www.cefar.co.uk/assets/images/cases/bbas/wireframe-21a39.png]
[www.cefar.co.uk/assets/images/cases/bbas/wireframe-31a39.png]
[www.cefar.co.uk/assets/images/cases/bbas/wireframe-41a39.png]
[www.cefar.co.uk/assets/images/cases/bbas/mac-mockup1a39.jpg]
[www.cefar.co.uk/assets/images/cases/bbas/browser-mockup1a39.jpg]
[www.cefar.co.uk/assets/images/cases/bbas/phone1a39.png]
[www.cefar.co.uk/assets/images/cases/bbas/checkout/phone-branding8943.png]
[www.cefar.co.uk/assets/images/cases/bbas/checkout/phone-product-config8943.png]
[www.cefar.co.uk/assets/images/cases/bbas/checkout/phone-checkout8943.png]
[www.cefar.co.uk/assets/images/cases/bbas/checkout/phone-payment-options8943.png]
[www.cefar.co.uk/assets/images/cases/bbas/checkout/phone-secure-payment8943.png]
[www.cefar.co.uk/assets/images/cases/bbas/checkout/phone-shipping8943.png]
[www.cefar.co.uk/assets/images/cases/bbas/social-media1a39.jpg]
[www.cefar.co.uk/assets/images/cases/bbas/engineers1a39.png]
[www.cefar.co.uk/assets/images/cases/bbas/client-crm1a39.png]
[www.cefar.co.uk/case-studies/bbas.html]
[www.cefar.co.uk/assets/images/cases/ehs/counter52c6.svg]
[www.cefar.co.uk/assets/images/cases/ehs/laptop52c6.png]
[www.cefar.co.uk/assets/images/cases/ehs/water-all-year52c6.png]
[www.cefar.co.uk/assets/images/cases/ehs/graph52c6.png]
[www.cefar.co.uk/assets/images/cases/ehs/icons/schedulingd24f.svg]
[www.cefar.co.uk/assets/images/cases/ehs/icons/automation52c6.svg]
[www.cefar.co.uk/assets/images/cases/ehs/icons/alerts52c6.svg]
[www.cefar.co.uk/assets/images/cases/ehs/icons/graphs52c6.svg]
[www.cefar.co.uk/assets/images/cases/ehs/icons/reportingd24f.svg]
[www.cefar.co.uk/assets/images/cases/ehs/icons/contour-plots52c6.svg]
[www.cefar.co.uk/assets/images/cases/ehs/icons/calculator52c6.svg]
[www.cefar.co.uk/assets/images/cases/ehs/icons/mapsd24f.svg]
[www.cefar.co.uk/assets/images/cases/ehs/icons/tablesd24f.svg]
[www.cefar.co.uk/assets/images/cases/ehs/icons/field-data52c6.svg]
[www.cefar.co.uk/assets/images/cases/ehs/icons/kpisd24f.svg]
[www.cefar.co.uk/assets/images/cases/ehs/icons/helpd24f.svg]
[www.cefar.co.uk/assets/images/cases/ehs/calendar52c6.svg]
[www.cefar.co.uk/assets/images/cases/ehs/calendar52c6.png]
[www.cefar.co.uk/assets/images/cases/ehs/graph52c6.svg]
[www.cefar.co.uk/assets/images/cases/ehs/laptop252c6.png]
[www.cefar.co.uk/assets/images/cases/ehs/summary52c6.png]
[www.cefar.co.uk/assets/images/cases/ehs/maps52c6.png]
[www.cefar.co.uk/assets/images/cases/ehs/maps52c6.svg]
[www.cefar.co.uk/assets/images/cases/ehs/dataset52c6.png]
[www.cefar.co.uk/assets/images/cases/ehs/bars52c6.png]
[www.cefar.co.uk/assets/images/cases/ehs/cogs52c6.svg]
[www.cefar.co.uk/assets/images/cases/ehs/ehs-logo52c6.png]
[www.cefar.co.uk/case-studies/ehs-data.html]
[www.cefar.co.uk/assets/images/play2563.svg]
[www.cefar.co.uk/assets/images/cases/sentient/ipad-mockup63e8.png]
[www.cefar.co.uk/assets/images/cases/sentient/sentient-plane63e8.png]
[www.cefar.co.uk/assets/images/cases/sentient/mosaic-image-163e8.png]
[www.cefar.co.uk/assets/images/cases/sentient/mosaic-image-263e8.png]
[www.cefar.co.uk/assets/images/cases/sentient/mosaic-image-363e8.png]
[www.cefar.co.uk/assets/images/cases/sentient/mosaic-image-463e8.png]
[www.cefar.co.uk/assets/images/cases/sentient/wireframe-163e8.png]
[www.cefar.co.uk/assets/images/cases/sentient/wireframe-263e8.png]
[www.cefar.co.uk/assets/images/cases/sentient/wireframe-363e8.png]
[www.cefar.co.uk/assets/images/cases/sentient/wireframe-463e8.png]
[www.cefar.co.uk/assets/images/cases/sentient/login-screen-163e8.png]
[www.cefar.co.uk/assets/images/cases/sentient/login-screen-263e8.png]
[www.cefar.co.uk/assets/images/cases/sentient/login-screen-4-phone63e8.png]
[www.cefar.co.uk/assets/images/cases/sentient/checkout-image-163e8.png]
[www.cefar.co.uk/assets/images/cases/sentient/checkout-image-263e8.png]
[www.cefar.co.uk/assets/images/cases/sentient/checkout-image-363e8.png]
[www.cefar.co.uk/assets/images/cases/sentient/checkout-image-463e8.png]
[www.cefar.co.uk/assets/images/cases/sentient/social-media-banner63e8.png]
[www.cefar.co.uk/assets/images/cases/sentient/character63e8.png]
[www.cefar.co.uk/case-studies/sentient.html]
[www.cefar.co.uk/assets/images/cases/pec/ipad-mockup8acc.png]
[www.cefar.co.uk/assets/images/cases/pec/arrow-down8acc.png]
[www.cefar.co.uk/assets/images/cases/pec/pec-macbook-18acc.png]
[www.cefar.co.uk/assets/images/cases/pec/pec-macbook-28acc.png]
[www.cefar.co.uk/assets/images/cases/pec/1-icon-collaboration8acc.png]
[www.cefar.co.uk/assets/images/cases/pec/2-icon-interface8acc.png]
[www.cefar.co.uk/assets/images/cases/pec/3-icon-updates8acc.png]
[www.cefar.co.uk/assets/images/cases/pec/4-icon-reporting8acc.png]
[www.cefar.co.uk/assets/images/cases/pec/pec-systems-mockup8acc.png]
[www.cefar.co.uk/assets/images/cases/pec/pec-video8acc.mp4]
[www.cefar.co.uk/assets/images/cases/pec/graph-banner8acc.png]
[www.cefar.co.uk/case-studies/pec.html]
[www.cefar.co.uk/assets/images/cases/enserve/small-desktopb18c.png]
[www.cefar.co.uk/assets/images/cases/enserve/desktopb18c.png]
[www.cefar.co.uk/assets/images/cases/enserve/phoneb18c.png]
[www.cefar.co.uk/assets/images/cases/enserve/enserve-logob18c.png]
[www.cefar.co.uk/assets/images/cases/enserve/icons/icon1b18c.png]
[www.cefar.co.uk/assets/images/cases/enserve/icons/icon2b18c.png]
[www.cefar.co.uk/assets/images/cases/enserve/icons/icon3b18c.png]
[www.cefar.co.uk/assets/images/cases/enserve/icons/icon4b18c.png]
[www.cefar.co.uk/assets/images/cases/enserve/icons/icon5b18c.png]
[www.cefar.co.uk/assets/images/cases/enserve/icons/icon6b18c.png]
[www.cefar.co.uk/assets/images/cases/enserve/icons/icon7b18c.png]
[www.cefar.co.uk/assets/images/cases/enserve/icons/icon8b18c.png]
[www.cefar.co.uk/assets/images/cases/enserve/icons/icon9b18c.png]
[www.cefar.co.uk/assets/images/cases/enserve/icons/icon10b18c.png]
[www.cefar.co.uk/assets/images/cases/enserve/wireframe-backgroundb18c.png]
[www.cefar.co.uk/assets/images/cases/enserve/wireframe-1b18c.png]
[www.cefar.co.uk/assets/images/cases/enserve/wireframe-2b18c.png]
[www.cefar.co.uk/assets/images/cases/enserve/wireframe-3b18c.png]
[www.cefar.co.uk/assets/images/cases/enserve/wireframe-4b18c.png]
[www.cefar.co.uk/assets/images/cases/enserve/split-backgroundb18c.png]
[www.cefar.co.uk/assets/images/cases/enserve/popoutb18c.png]
[www.cefar.co.uk/assets/images/cases/enserve/device-popoutb18c.png]
[www.cefar.co.uk/assets/images/cases/enserve/dashboardb18c.png]
[www.cefar.co.uk/assets/images/cases/enserve/dashboard-2b18c.png]
[www.cefar.co.uk/assets/images/cases/enserve/job-phoneb18c.png]
[www.cefar.co.uk/assets/images/cases/enserve/split-background-2b18c.png]
[www.cefar.co.uk/case-studies/enserve.html]
[www.cefar.co.uk/assets/images/cases/visual-planner/logo52c6.svg]
[www.cefar.co.uk/assets/images/cases/visual-planner/logo52c6.jpg]
[www.cefar.co.uk/assets/videos/cases/visual-planner/promotion-1479b.jpg]
[www.cefar.co.uk/assets/videos/cases/visual-planner/promotion-1479b.mp4]
[www.cefar.co.uk/assets/videos/cases/visual-planner/promotion-2479b.jpg]
[www.cefar.co.uk/assets/videos/cases/visual-planner/promotion-2479b.mp4]
[www.cefar.co.uk/assets/videos/cases/visual-planner/visual-planner-video8ea3.mp4]
[www.cefar.co.uk/assets/images/cases/visual-planner/preview4eba.jpg]
[www.cefar.co.uk/assets/images/cases/visual-planner/visual-websitef465.jpg]
[www.cefar.co.uk/assets/css/visual-planner-precompile.css]
[www.cefar.co.uk/case-studies/visual-planner.html]
[www.cefar.co.uk/assets/images/cases/springfield/icon52c6.svg]
[www.cefar.co.uk/assets/js/visual-planner-precompile.js]
[www.cefar.co.uk/assets/images/cases/springfield/logo52c6.svg]
[www.cefar.co.uk/assets/images/cases/springfield/logo-light52c6.svg]
[www.cefar.co.uk/assets/images/cases/springfield/logo-dark52c6.svg]
[www.cefar.co.uk/assets/images/cases/springfield/brochures52c6.jpg]
[www.cefar.co.uk/assets/videos/cases/spring/website-mac8ea3.jpg]
[www.cefar.co.uk/assets/videos/cases/spring/website-mac8ea3.mp4]
[www.cefar.co.uk/assets/images/cases/springfield/homepage52c6.png]
[www.cefar.co.uk/assets/videos/cases/spring/website-devices8ea3.jpg]
[www.cefar.co.uk/assets/videos/cases/spring/website-devices8ea3.mp4]
[www.cefar.co.uk/case-studies/springfield-training.html]
[www.cefar.co.uk/assets/images/cases/ee/main-bg52c6.jpg]
[www.cefar.co.uk/assets/images/cases/ee/logo52c6.png]
[www.cefar.co.uk/assets/images/cases/ee/grid3-banner52c6.jpg]
[www.cefar.co.uk/assets/images/cases/ee/grid4-banner52c6.jpg]
[www.cefar.co.uk/assets/images/cases/ee/grid5-banner52c6.jpg]
[www.cefar.co.uk/assets/images/cases/ee/grid6-banner52c6.jpg]
[www.cefar.co.uk/assets/images/cases/ee/grid7-banner52c6.jpg]
[www.cefar.co.uk/assets/images/cases/ee/grid8-banner52c6.jpg]
[www.cefar.co.uk/assets/images/cases/ee/grid9-banner52c6.jpg]
[www.cefar.co.uk/assets/images/cases/ee/grid10-banner52c6.jpg]
[www.cefar.co.uk/assets/images/cases/ee/grid11-banner52c6.jpg]
[www.cefar.co.uk/case-studies/ee.html]
[www.cefar.co.uk/assets/images/facebook-social9c52.svg]
[www.cefar.co.uk/assets/images/twitter-social9c52.svg]
[www.cefar.co.uk/assets/images/instagram-social1c97.svg]
[code.ionicframework.com/ionicons/2.0.1/css/ionicons.min.css]
[www.cefar.co.uk/assets/fonts/fontawesome-webfont5b62.svg]
[www.cefar.co.uk/assets/fonts/OPTIGiant.svg]
[www.cefar.co.uk/assets/css/app.min81c6.css]
[www.cefar.co.uk/assets/images/cefar-logo-redd24f.svg]
[www.cefar.co.uk/assets/images/goto76e3.svg]
[www.cefar.co.uk/assets/images/phoned24f.svg]
[www.cefar.co.uk/assets/images/contact/facebook-social52c6.svg]
[www.cefar.co.uk/assets/images/contact/twitter-social52c6.svg]
[www.cefar.co.uk/assets/images/contact/instagram-social52c6.svg]
[www.cefar.co.uk/assets/images/services/digital/ui-ux-11ac4.png]
[www.cefar.co.uk/assets/images/services/digital/ui-ux-25af5.png]
[www.cefar.co.uk/web-design/ui-ux-design.html]
[www.cefar.co.uk/assets/images/services/branding/branding-16549.jpg]
[www.cefar.co.uk/assets/images/services/branding/branding-26549.jpg]
[www.cefar.co.uk/assets/images/services/branding/branding-36549.jpg]
[www.cefar.co.uk/web-design/branding.html]
[www.cefar.co.uk/assets/images/development/wordpress-development6549.png]
[www.cefar.co.uk/web-design/wordpress.html]
[www.cefar.co.uk/assets/images/development/shopify-development74bd.png]
[www.cefar.co.uk/web-design/shopify.html]
[www.cefar.co.uk/assets/images/cases/approved/banneree5d.png]
[www.cefar.co.uk/assets/images/cases/approved/logod01e.png]
[www.cefar.co.uk/assets/images/cases/approved/blue-bga26d.png]
[www.cefar.co.uk/assets/images/cases/approved/approved-suppliersdced.png]
[www.cefar.co.uk/assets/images/cases/approved/guaranteec540.png]
[www.cefar.co.uk/assets/images/cases/approved/workforce-logo0622.png]
[www.cefar.co.uk/assets/images/cases/approved/honesty9775.svg]
[www.cefar.co.uk/assets/images/cases/approved/enjoyment31d0.svg]
[www.cefar.co.uk/assets/images/cases/approved/ownershipdc2d.svg]
[www.cefar.co.uk/assets/images/cases/approved/focus3609.svg]
[www.cefar.co.uk/assets/images/cases/approved/achieve3369.svg]
[www.cefar.co.uk/assets/images/cases/approved/exceed17be.svg]
[www.cefar.co.uk/assets/images/cases/approved/supplier-contract8642.png]
[www.cefar.co.uk/assets/images/cases/approved/mobile-imgfc16.png]
[www.cefar.co.uk/assets/images/cases/approved/residential8642.png]
[www.cefar.co.uk/assets/images/cases/approved/tablet-img55be.png]
[www.cefar.co.uk/assets/images/cases/approved/about-mainee5d.png]
[www.cefar.co.uk/case-studies/approved-workforce.html]
[www.cefar.co.uk/assets/images/cases/easyfix/video52c6.mp4]
[www.cefar.co.uk/assets/images/cases/easyfix/poster52c6.jpg]
[www.cefar.co.uk/assets/images/cases/easyfix/arrow-red52c6.svg]
[www.cefar.co.uk/assets/images/cases/easyfix/paper52c6.jpg]
[www.cefar.co.uk/assets/images/cases/easyfix/balcony-easyfix52c6.gif]
[www.cefar.co.uk/assets/images/cases/easyfix/cards-zoom52c6.jpg]
[www.cefar.co.uk/assets/images/cases/easyfix/cards-full-width52c6.jpg]
[www.cefar.co.uk/assets/images/cases/easyfix/cards-2-zoom52c6.jpg]
[www.cefar.co.uk/assets/images/cases/easyfix/glass52c6.jpg]
[www.cefar.co.uk/assets/images/cases/easyfix/slider/line-drawing-video2a74.mp4]
[www.cefar.co.uk/assets/images/cases/easyfix/binder52c6.jpg]
[www.cefar.co.uk/assets/images/cases/easyfix/paper252c6.jpg]
[www.cefar.co.uk/assets/images/cases/easyfix/brochure52c6.jpg]
[www.cefar.co.uk/assets/images/cases/easyfix/slider/brochure-19d96.jpg]
[www.cefar.co.uk/assets/images/cases/easyfix/slider/brochure-29d96.jpg]
[www.cefar.co.uk/assets/images/cases/easyfix/slider/brochure-39d96.jpg]
[www.cefar.co.uk/assets/images/cases/easyfix/slider/brochure-49d96.jpg]
[www.cefar.co.uk/assets/images/cases/easyfix/slider/brochure-59d96.jpg]
[www.cefar.co.uk/assets/images/cases/easyfix/slider/brochure-69d96.jpg]
[www.cefar.co.uk/assets/images/cases/easyfix/slider/brochure-79d96.jpg]
[www.cefar.co.uk/assets/images/cases/easyfix/slider/brochure-89d96.jpg]
[www.cefar.co.uk/assets/images/cases/easyfix/slider/brochure-99d96.jpg]
[www.cefar.co.uk/assets/images/cases/easyfix/balconyuk52c6.jpg]
[www.cefar.co.uk/assets/images/cases/easyfix/balconyuk-overlay52c6.png]
[www.cefar.co.uk/assets/images/cases/easyfix/balconyuk-screens52c6.png]
[www.cefar.co.uk/case-studies/balconyuk.html]
[www.cefar.co.uk/assets/images/facebook-sociald24f.svg]
[www.cefar.co.uk/assets/images/twitter-sociald24f.svg]
[www.cefar.co.uk/assets/images/instagram-sociald24f.svg]
[www.cefar.co.uk/home/u893-8pxt5axgkolu/www/cefar.co.uk/public_html.html]
[www.cefar.co.uk/assets/css/app.min7a45.css]
[www.cefar.co.uk/assets/images/systems/illustrations/tick-icon29ed.svg]
[www.cefar.co.uk/assets/images/marketing/seo-icon297c.svg]
[www.cefar.co.uk/assets/images/marketing/paid-search-icon297c.svg]
[www.cefar.co.uk/assets/images/marketing/content-marketing-icon297c.svg]
[www.cefar.co.uk/assets/images/marketing/social-media-icon297c.svg]
[www.cefar.co.uk/assets/images/marketing/paid-social-icon297c.svg]
[www.cefar.co.uk/assets/images/marketing/cro-icon297c.svg]
[www.cefar.co.uk/assets/images/cases/hillsborough/main-bg52c6.png]
[www.cefar.co.uk/assets/images/cases/hillsborough/revenue52c6.png]
[www.cefar.co.uk/assets/images/cases/hillsborough/grid2-banner52c6.jpg]
[www.cefar.co.uk/assets/images/cases/hillsborough/grid3-banner52c6.jpg]
[www.cefar.co.uk/assets/images/cases/hillsborough/grid4-banner52c6.jpg]
[www.cefar.co.uk/assets/images/cases/hillsborough/grid5-banner52c6.jpg]
[www.cefar.co.uk/assets/images/cases/hillsborough/grid6-banner52c6.jpg]
[www.cefar.co.uk/assets/images/cases/hillsborough/grid7-banner52c6.jpg]
[www.cefar.co.uk/assets/images/cases/hillsborough/grid8-banner52c6.jpg]
[www.cefar.co.uk/case-studies/hillsborough-fencing.html]
[www.cefar.co.uk/assets/images/ecommerce/to-sell-icon0a3b.svg]
[www.cefar.co.uk/assets/images/ecommerce/load-time-icon0a3b.svg]
[www.cefar.co.uk/assets/images/ecommerce/responsive-icon0a3b.svg]
[www.cefar.co.uk/assets/images/ecommerce/marketing-mind-icon0a3b.svg]
[www.cefar.co.uk/assets/images/ecommerce/track-icon0a3b.svg]
[www.cefar.co.uk/assets/images/ecommerce/build-brand-icon0a3b.svg]
[www.cefar.co.uk/assets/images/ecommerce/knowledge0a3b.svg]
[www.cefar.co.uk/assets/css/app.min65fb.css]
[www.cefar.co.uk/assets/images/cases/ao/flowerf7f9.svg]
[www.cefar.co.uk/assets/images/cases/ao/its-nearly-timef7f9.svg]
[www.cefar.co.uk/assets/images/cases/ao/logof7f9.svg]
[www.cefar.co.uk/assets/images/cases/ao/grid2-bannerad86.jpg]
[www.cefar.co.uk/assets/images/cases/ao/grid3-bannerad86.jpg]
[www.cefar.co.uk/assets/images/arrow-rightc137.svg]
[www.cefar.co.uk/assets/images/arrow-leftc137.svg]
[www.cefar.co.uk/case-studies/ao-home.html]
[www.cefar.co.uk/assets/css/app.mina07d.css]
[www.cefar.co.uk/assets/images/strategice417.svg]
[www.cefar.co.uk/assets/js/app.minf553.js]
[www.cefar.co.uk/assets/images/cases/plugin-therapy/gallery-full501a.png]
[www.cefar.co.uk/assets/images/cases/plugin-therapy/social-collage501a.png]
[www.cefar.co.uk/assets/images/cases/plugin-therapy/phone-mockup-02501a.png]
[www.cefar.co.uk/assets/images/cases/plugin-therapy/phone-mockup-03501a.png]
[www.cefar.co.uk/case-studies/plug-in-therapy.html]
[www.cefar.co.uk/assets/images/cases/ginetta/video501a.mp4]
[www.cefar.co.uk/assets/images/cases/ginetta/overlay501a.png]
[www.cefar.co.uk/assets/images/cases/ginetta/profile-blyton501a.png]
[www.cefar.co.uk/assets/images/cases/ginetta/profile-race-transponders501a.png]
[www.cefar.co.uk/assets/images/cases/ginetta/profile-simtrack501a.png]
[www.cefar.co.uk/assets/images/cases/ginetta/profile-w2r501a.png]
[www.cefar.co.uk/assets/images/cases/ginetta/hero-2501a.png]
[www.cefar.co.uk/assets/images/cases/ginetta/hero-3501a.png]
[www.cefar.co.uk/assets/images/cases/ginetta/home501a.png]
[www.cefar.co.uk/assets/images/cases/ginetta/home-1501a.png]
[www.cefar.co.uk/assets/images/cases/ginetta/car-template501a.png]
[www.cefar.co.uk/assets/images/cases/ginetta/cars-hover501a.png]
[www.cefar.co.uk/assets/images/cases/ginetta/ginetta-visuals-3-1501a.png]
[www.cefar.co.uk/assets/images/cases/ginetta/menu501a.png]
[www.cefar.co.uk/assets/images/cases/ginetta/race-centre-Img501a.png]
[www.cefar.co.uk/assets/images/cases/ginetta/shop-item501a.png]
[www.cefar.co.uk/assets/images/cases/ginetta/shop-overview501a.png]
[www.cefar.co.uk/case-studies/ginetta.html]
[www.cefar.co.uk/assets/images/cases/data-entry/data-entry-video869c.mp4]
[www.cefar.co.uk/assets/images/cases/data-entry/data-entry-banner869c.jpg]
[www.cefar.co.uk/assets/images/cases/data-entry/phone-new-york869c.png]
[www.cefar.co.uk/assets/images/cases/data-entry/phone-leeds869c.png]
[www.cefar.co.uk/assets/images/cases/data-entry/phone-london869c.png]
[www.cefar.co.uk/assets/images/cases/data-entry/clear-goals869c.jpg]
[www.cefar.co.uk/assets/images/cases/data-entry/reward-excellence869c.jpg]
[www.cefar.co.uk/assets/images/cases/data-entry/motivate869c.jpg]
[www.cefar.co.uk/case-studies/data-entry.html]
[www.cefar.co.uk/assets/images/cases/este-couture/desktop-display52c6.png]
[www.cefar.co.uk/assets/images/cases/este-couture/video-copy52c6.svg]
[www.cefar.co.uk/assets/images/cases/este-couture/video-poster52c6.jpg]
[www.cefar.co.uk/assets/videos/cases/este-couture/este-videoeb6a.mp4]
[www.cefar.co.uk/assets/images/cases/este-couture/copy-este52c6.svg]
[www.cefar.co.uk/assets/images/cases/este-couture/phone-display52c6.png]
[www.cefar.co.uk/assets/images/cases/este-couture/slide-152c6.png]
[www.cefar.co.uk/assets/images/cases/este-couture/slide-252c6.png]
[www.cefar.co.uk/assets/images/cases/este-couture/slide-352c6.png]
[www.cefar.co.uk/assets/images/cases/este-couture/slide-452c6.png]
[www.cefar.co.uk/assets/images/cases/este-couture/improvement-image52c6.jpg]
[www.cefar.co.uk/assets/images/cases/este-couture/copy-fashion52c6.svg]
[www.cefar.co.uk/assets/images/cases/este-couture/screens52c6.png]
[www.cefar.co.uk/assets/images/cases/este-couture/elan52c6.png]
[www.cefar.co.uk/case-studies/este-couture.html]
[www.cefar.co.uk/assets/images/cases/badges/award2563.svg]
[www.cefar.co.uk/assets/images/development/platforms/laravel6549.png]
[www.cefar.co.uk/assets/images/development/platforms/react6549.png]
[www.cefar.co.uk/assets/images/development/platforms/symfony6549.png]
[www.cefar.co.uk/assets/images/development/platforms/php6549.png]
[www.cefar.co.uk/assets/images/development/platforms/wordpress6549.png]
[www.cefar.co.uk/assets/images/development/platforms/vue6549.png]
[www.cefar.co.uk/assets/images/development/platforms/magento6549.png]
[www.cefar.co.uk/web-design/hosting-website-maintenance.html]
[www.cefar.co.uk/assets/images/development/hosting-icond03b.svg]
[www.cefar.co.uk/assets/images/development/portals-icona945.svg]
[www.cefar.co.uk/assets/images/development/mob-dev-icon743d.svg]
[www.cefar.co.uk/assets/images/development/system-mockup6549.png]
[www.cefar.co.uk/web-design/cms.html]
[www.cefar.co.uk/assets/images/cases/solros/solros-logo7388.svg]
[www.cefar.co.uk/assets/images/arrow-rightd24f.svg]
[www.cefar.co.uk/assets/images/arrow-leftd24f.svg]
[www.cefar.co.uk/assets/images/cases/ehs/counter52c6.svg]
[www.cefar.co.uk/assets/images/cases/ehs/icons/schedulingd24f.svg]
[www.cefar.co.uk/assets/images/cases/ehs/icons/automation52c6.svg]
[www.cefar.co.uk/assets/images/cases/ehs/icons/alerts52c6.svg]
[www.cefar.co.uk/assets/images/cases/ehs/icons/graphs52c6.svg]
[www.cefar.co.uk/assets/images/cases/ehs/icons/reportingd24f.svg]
[www.cefar.co.uk/assets/images/cases/ehs/icons/contour-plots52c6.svg]
[www.cefar.co.uk/assets/images/cases/ehs/icons/calculator52c6.svg]
[www.cefar.co.uk/assets/images/cases/ehs/icons/mapsd24f.svg]
[www.cefar.co.uk/assets/images/cases/ehs/icons/tablesd24f.svg]
[www.cefar.co.uk/assets/images/cases/ehs/icons/field-data52c6.svg]
[www.cefar.co.uk/assets/images/cases/ehs/icons/kpisd24f.svg]
[www.cefar.co.uk/assets/images/cases/ehs/icons/helpd24f.svg]
[www.cefar.co.uk/assets/images/cases/ehs/calendar52c6.svg]
[www.cefar.co.uk/assets/images/cases/ehs/graph52c6.svg]
[www.cefar.co.uk/assets/images/cases/ehs/maps52c6.svg]
[www.cefar.co.uk/assets/images/cases/ehs/cogs52c6.svg]
[www.cefar.co.uk/assets/images/cases/visual-planner/logo52c6.svg]
[www.cefar.co.uk/assets/images/cases/visual-planner/arrow.png]
[www.cefar.co.uk/assets/css/visual-planner-precompile.css]
[www.cefar.co.uk/assets/images/cases/springfield/icon52c6.svg]
[www.cefar.co.uk/assets/images/cases/springfield/logo52c6.svg]
[www.cefar.co.uk/assets/images/cases/springfield/logo-light52c6.svg]
[www.cefar.co.uk/assets/images/cases/springfield/logo-dark52c6.svg]
[www.cefar.co.uk/assets/images/cases/approved/honesty9775.svg]
[www.cefar.co.uk/assets/images/cases/approved/enjoyment31d0.svg]
[www.cefar.co.uk/assets/images/cases/approved/ownershipdc2d.svg]
[www.cefar.co.uk/assets/images/cases/approved/focus3609.svg]
[www.cefar.co.uk/assets/images/cases/approved/achieve3369.svg]
[www.cefar.co.uk/assets/images/cases/approved/exceed17be.svg]
[www.cefar.co.uk/assets/images/cases/easyfix/arrow-red52c6.svg]
[www.cefar.co.uk/assets/css/app.min65fb.css]
[www.cefar.co.uk/assets/images/cases/ao/flowerf7f9.svg]
[www.cefar.co.uk/assets/images/cases/ao/its-nearly-timef7f9.svg]
[www.cefar.co.uk/assets/images/cases/ao/logof7f9.svg]
[www.cefar.co.uk/assets/images/arrow-rightc137.svg]
[www.cefar.co.uk/assets/images/arrow-leftc137.svg]
[www.cefar.co.uk/assets/images/cases/este-couture/video-copy52c6.svg]
[www.cefar.co.uk/assets/images/cases/este-couture/copy-este52c6.svg]
[www.cefar.co.uk/assets/images/cases/este-couture/copy-fashion52c6.svg]
[www.cefar.co.uk/assets/images/cases/visual-planner/planner-fold.svg]
[www.cefar.co.uk/assets/images/cases/visual-planner/planner-fold.svg]
